=> simple_imp.lp:
require open qfo.encoding.lhol qfo.encoding.propositional_connectives;
require qfo.spec.main;
symbol simple_imp!1 : @Prf (@imp (disj (not qfo.spec.main.P) qfo.spec.main.P) (imp qfo.spec.main.P qfo.spec.main.P)) ≔
begin
  why3;
end;
symbol simple_imp!2 : @Prf (@imp (disj (not qfo.spec.main.P) qfo.spec.main.P) (imp qfo.spec.main.P qfo.spec.main.P)) ≔
begin
  why3;
end;
symbol simple_imp!3 : @Prf (disj (not qfo.spec.main.P) qfo.spec.main.P) ≔
begin
  why3;
end;
symbol simple_imp!4 : @Prf (@imp (disj (not qfo.spec.main.P) qfo.spec.main.P) (imp qfo.spec.main.P qfo.spec.main.P)) ≔
begin
  why3;
end;
=> modus_ponens.lp:
require open qfo.encoding.lhol qfo.encoding.propositional_connectives;
require qfo.spec.main;
symbol modus_ponens!5 : @Prf (@imp (disj (not (imp qfo.spec.main.P qfo.spec.main.Q)) (disj (not qfo.spec.main.P) qfo.spec.main.Q)) (@imp (disj (not (imp qfo.spec.main.P qfo.spec.main.Q)) (disj (not qfo.spec.main.P) qfo.spec.main.Q)) (imp (imp qfo.spec.main.P qfo.spec.main.Q) (imp qfo.spec.main.P qfo.spec.main.Q)))) ≔
begin
  why3;
end;
symbol modus_ponens!6 : @Prf (@imp (disj (not (imp qfo.spec.main.P qfo.spec.main.Q)) (disj (not qfo.spec.main.P) qfo.spec.main.Q)) (@imp (disj (not (imp qfo.spec.main.P qfo.spec.main.Q)) (disj (not qfo.spec.main.P) qfo.spec.main.Q)) (imp (imp qfo.spec.main.P qfo.spec.main.Q) (imp qfo.spec.main.P qfo.spec.main.Q)))) ≔
begin
  why3;
end;
symbol modus_ponens!7 : @Prf (@imp (disj qfo.spec.main.P (disj (not qfo.spec.main.P) qfo.spec.main.Q)) (@imp (disj (not qfo.spec.main.Q) (disj (not qfo.spec.main.P) qfo.spec.main.Q)) (disj (not (imp qfo.spec.main.P qfo.spec.main.Q)) (disj (not qfo.spec.main.P) qfo.spec.main.Q)))) ≔
begin
  why3;
end;
symbol modus_ponens!8 : @Prf (@imp (disj qfo.spec.main.P (disj (not qfo.spec.main.P) qfo.spec.main.Q)) (@imp (disj (not qfo.spec.main.Q) (disj (not qfo.spec.main.P) qfo.spec.main.Q)) (disj (not (imp qfo.spec.main.P qfo.spec.main.Q)) (disj (not qfo.spec.main.P) qfo.spec.main.Q)))) ≔
begin
  why3;
end;
symbol modus_ponens!9 : @Prf (disj (not qfo.spec.main.Q) (disj (not qfo.spec.main.P) qfo.spec.main.Q)) ≔
begin
  why3;
end;
symbol modus_ponens!10 : @Prf (disj qfo.spec.main.P (disj (not qfo.spec.main.P) qfo.spec.main.Q)) ≔
begin
  why3;
end;
=> fa_hyp.lp:
require open qfo.encoding.lhol qfo.encoding.propositional_connectives;
require qfo.spec.main;
symbol fa_hyp!11 : @Prf (@imp (disj (not (all qfo.spec.main.nat (λ (n : El qfo.spec.main.nat), imp qfo.spec.main.P (qfo.spec.main.even n)))) (disj (not qfo.spec.main.P) qfo.spec.main.P)) (imp (all qfo.spec.main.nat (λ (n : El qfo.spec.main.nat), imp qfo.spec.main.P (qfo.spec.main.even n))) (imp qfo.spec.main.P qfo.spec.main.P))) ≔
begin
  why3;
end;
symbol fa_hyp!12 : @Prf (@imp (disj (not (all qfo.spec.main.nat (λ (n : El qfo.spec.main.nat), imp qfo.spec.main.P (qfo.spec.main.even n)))) (disj (not qfo.spec.main.P) qfo.spec.main.P)) (imp (all qfo.spec.main.nat (λ (n : El qfo.spec.main.nat), imp qfo.spec.main.P (qfo.spec.main.even n))) (imp qfo.spec.main.P qfo.spec.main.P))) ≔
begin
  why3;
end;
symbol fa_hyp!13 : @Prf (disj (not (all qfo.spec.main.nat (λ (n : El qfo.spec.main.nat), imp qfo.spec.main.P (qfo.spec.main.even n)))) (disj (not qfo.spec.main.P) qfo.spec.main.P)) ≔
begin
  why3;
end;
symbol fa_hyp!14 : @Prf (@imp (disj (not (all qfo.spec.main.nat (λ (n : El qfo.spec.main.nat), imp qfo.spec.main.P (qfo.spec.main.even n)))) (disj (not qfo.spec.main.P) qfo.spec.main.P)) (imp (all qfo.spec.main.nat (λ (n : El qfo.spec.main.nat), imp qfo.spec.main.P (qfo.spec.main.even n))) (imp qfo.spec.main.P qfo.spec.main.P))) ≔
begin
  why3;
end;
=> fa_instantiate.lp:
require open qfo.encoding.lhol qfo.encoding.propositional_connectives;
require qfo.spec.main;
symbol fa_instantiate!15 : @Prf (@imp (disj (not (all qfo.spec.main.nat (λ (n : El qfo.spec.main.nat), imp qfo.spec.main.P (qfo.spec.main.even n)))) (disj (not qfo.spec.main.P) (qfo.spec.main.even qfo.spec.main.zero))) (@imp (disj (not (all qfo.spec.main.nat (λ (n : El qfo.spec.main.nat), imp qfo.spec.main.P (qfo.spec.main.even n)))) (disj (not qfo.spec.main.P) (qfo.spec.main.even qfo.spec.main.zero))) (imp (all qfo.spec.main.nat (λ (n : El qfo.spec.main.nat), imp qfo.spec.main.P (qfo.spec.main.even n))) (imp qfo.spec.main.P (qfo.spec.main.even qfo.spec.main.zero))))) ≔
begin
  why3;
end;
symbol fa_instantiate!16 : @Prf (@imp (disj (not (all qfo.spec.main.nat (λ (n : El qfo.spec.main.nat), imp qfo.spec.main.P (qfo.spec.main.even n)))) (disj (not qfo.spec.main.P) (qfo.spec.main.even qfo.spec.main.zero))) (@imp (disj (not (all qfo.spec.main.nat (λ (n : El qfo.spec.main.nat), imp qfo.spec.main.P (qfo.spec.main.even n)))) (disj (not qfo.spec.main.P) (qfo.spec.main.even qfo.spec.main.zero))) (imp (all qfo.spec.main.nat (λ (n : El qfo.spec.main.nat), imp qfo.spec.main.P (qfo.spec.main.even n))) (imp qfo.spec.main.P (qfo.spec.main.even qfo.spec.main.zero))))) ≔
begin
  why3;
end;
symbol fa_instantiate!17 : @Prf (@imp (disj (not (imp qfo.spec.main.P (qfo.spec.main.even qfo.spec.main.zero))) (disj (not qfo.spec.main.P) (qfo.spec.main.even qfo.spec.main.zero))) (disj (not (all qfo.spec.main.nat (λ (n : El qfo.spec.main.nat), imp qfo.spec.main.P (qfo.spec.main.even n)))) (disj (not qfo.spec.main.P) (qfo.spec.main.even qfo.spec.main.zero)))) ≔
begin
  why3;
end;
symbol fa_instantiate!18 : @Prf (@imp (disj (not (imp qfo.spec.main.P (qfo.spec.main.even qfo.spec.main.zero))) (disj (not qfo.spec.main.P) (qfo.spec.main.even qfo.spec.main.zero))) (disj (not (all qfo.spec.main.nat (λ (n : El qfo.spec.main.nat), imp qfo.spec.main.P (qfo.spec.main.even n)))) (disj (not qfo.spec.main.P) (qfo.spec.main.even qfo.spec.main.zero)))) ≔
begin
  why3;
end;
symbol fa_instantiate!19 : @Prf (@imp (disj (not (qfo.spec.main.even qfo.spec.main.zero)) (disj (not qfo.spec.main.P) (qfo.spec.main.even qfo.spec.main.zero))) (@imp (disj qfo.spec.main.P (disj (not qfo.spec.main.P) (qfo.spec.main.even qfo.spec.main.zero))) (disj (not (imp qfo.spec.main.P (qfo.spec.main.even qfo.spec.main.zero))) (disj (not qfo.spec.main.P) (qfo.spec.main.even qfo.spec.main.zero))))) ≔
begin
  why3;
end;
symbol fa_instantiate!20 : @Prf (disj (not (qfo.spec.main.even qfo.spec.main.zero)) (disj (not qfo.spec.main.P) (qfo.spec.main.even qfo.spec.main.zero))) ≔
begin
  why3;
end;
symbol fa_instantiate!21 : @Prf (disj qfo.spec.main.P (disj (not qfo.spec.main.P) (qfo.spec.main.even qfo.spec.main.zero))) ≔
begin
  why3;
end;
