=> lem1.lp:
require open qfo.encoding.lhol qfo.encoding.propositional_connectives;
require qfo.spec.main;
symbol lem1!1 : @Prf (@imp (disj (not qfo.spec.main.P) (disj (not qfo.spec.main.Q) qfo.spec.main.P)) (imp qfo.spec.main.P (imp qfo.spec.main.Q qfo.spec.main.P))) ≔
begin
  why3;
end;
symbol lem1!2 : @Prf (@imp (disj (not qfo.spec.main.P) (disj (not qfo.spec.main.Q) qfo.spec.main.P)) (imp qfo.spec.main.P (imp qfo.spec.main.Q qfo.spec.main.P))) ≔
begin
  why3;
end;
symbol lem1!3 : @Prf (disj (not qfo.spec.main.P) (disj (not qfo.spec.main.Q) qfo.spec.main.P)) ≔
begin
  why3;
end;
symbol lem1!4 : @Prf (@imp (disj (not qfo.spec.main.P) (disj (not qfo.spec.main.Q) qfo.spec.main.P)) (imp qfo.spec.main.P (imp qfo.spec.main.Q qfo.spec.main.P))) ≔
begin
  why3;
end;
=> checked
=> lem2.lp:
require open qfo.encoding.lhol qfo.encoding.propositional_connectives;
require qfo.spec.main;
symbol lem2!5 : @Prf (@imp (disj (not qfo.spec.main.P) (disj (not qfo.spec.main.Q) qfo.spec.main.Q)) (imp qfo.spec.main.P (imp qfo.spec.main.Q qfo.spec.main.Q))) ≔
begin
  why3;
end;
symbol lem2!6 : @Prf (@imp (disj (not qfo.spec.main.P) (disj (not qfo.spec.main.Q) qfo.spec.main.Q)) (imp qfo.spec.main.P (imp qfo.spec.main.Q qfo.spec.main.Q))) ≔
begin
  why3;
end;
symbol lem2!7 : @Prf (disj (not qfo.spec.main.P) (disj (not qfo.spec.main.Q) qfo.spec.main.Q)) ≔
begin
  why3;
end;
symbol lem2!8 : @Prf (@imp (disj (not qfo.spec.main.P) (disj (not qfo.spec.main.Q) qfo.spec.main.Q)) (imp qfo.spec.main.P (imp qfo.spec.main.Q qfo.spec.main.Q))) ≔
begin
  why3;
end;
=> checked
