require open personoj.lhol personoj.tuple personoj.sum
personoj.logical personoj.pvs_cert personoj.eq personoj.restrict;
require open personoj.nat personoj.coercions;
require personoj.extra.arity-tools as A;
// Theory vector
require open pvs.prelude.booleans;
require open pvs.prelude.equalities;
require open pvs.prelude.notequal;
require open pvs.prelude.if_def;
require open pvs.prelude.boolean_props;
require open pvs.prelude.xor_def;
require open pvs.prelude.quantifier_props;
require open pvs.prelude.defined_types;
require open pvs.prelude.exists1;
require open pvs.prelude.equality_props;
require open pvs.prelude.if_props;
require open pvs.prelude.functions;
require open pvs.prelude.functions_alt;
require open pvs.prelude.transpose;
require open pvs.prelude.restrict;
require open pvs.prelude.restrict_props;
require open pvs.prelude.extend;
require open pvs.prelude.extend_bool;
require open pvs.prelude.extend_props;
require open pvs.prelude.extend_func_props;
require open pvs.prelude.K_conversion;
require open pvs.prelude.K_props;
require open pvs.prelude.identity;
require open pvs.prelude.identity_props;
require open pvs.prelude.relations;
require open pvs.prelude.orders;
require open pvs.prelude.orders_alt;
require open pvs.prelude.restrict_order_props;
require open pvs.prelude.extend_order_props;
require open pvs.prelude.wf_induction;
require open pvs.prelude.measure_induction;
require open pvs.prelude.epsilons;
require open pvs.prelude.decl_params;
require open pvs.prelude.sets;
require open pvs.prelude.sets_lemmas;
require open pvs.prelude.function_inverse_def;
require open pvs.prelude.function_inverse;
require open pvs.prelude.function_inverse_alt;
require open pvs.prelude.function_image;
require open pvs.prelude.function_props;
require open pvs.prelude.function_props_alt;
require open pvs.prelude.function_props2;
require open pvs.prelude.relation_defs;
require open pvs.prelude.relation_props;
require open pvs.prelude.relation_props2;
require open pvs.prelude.relation_converse_props;
require open pvs.prelude.indexed_sets;
require open pvs.prelude.operator_defs;
require open pvs.prelude.numbers;
require open pvs.prelude.number_fields;
require open pvs.prelude.reals;
require open pvs.prelude.real_axioms;
require open pvs.prelude.bounded_real_defs;
require open pvs.prelude.bounded_real_defs_alt;
require open pvs.prelude.real_types;
require open pvs.prelude.rationals;
require open pvs.prelude.integers;
require open pvs.prelude.naturalnumbers;
require open pvs.prelude.min_nat;
require open pvs.prelude.real_defs;
require open pvs.prelude.real_props;
require open pvs.prelude.extra_real_props;
require open pvs.prelude.extra_tegies;
require open pvs.prelude.rational_props;
require open pvs.prelude.integer_props;
require open pvs.prelude.floor_ceil;
require open pvs.prelude.exponentiation;
require open pvs.prelude.euclidean_division;
require open pvs.prelude.divides;
require open pvs.prelude.modulo_arithmetic;
require open pvs.prelude.subrange_inductions;
require open pvs.prelude.bounded_int_inductions;
require open pvs.prelude.bounded_nat_inductions;
require open pvs.prelude.subrange_type;
require open pvs.prelude.int_types;
require open pvs.prelude.nat_types;
require open pvs.prelude.nat_fun_props;
require open pvs.prelude.finite_sets;
require open pvs.prelude.restrict_set_props;
require open pvs.prelude.extend_set_props;
require open pvs.prelude.function_image_aux;
require open pvs.prelude.function_iterate;
require open pvs.prelude.sequences;
require open pvs.prelude.seq_functions;
require open pvs.prelude.finite_sequences;
require open pvs.prelude.more_finseq;
require open pvs.prelude.ordstruct;
require open pvs.prelude.ordinals;
require open pvs.prelude.lex2;
require open pvs.prelude.lex3;
require open pvs.prelude.lex4;
require open pvs.prelude.list;
require open pvs.prelude.list_props;
require open pvs.prelude.map_props;
require open pvs.prelude.more_map_props;
require open pvs.prelude.filters;
require open pvs.prelude.list2finseq;
require open pvs.prelude.list2set;
require open pvs.prelude.disjointness;
require open pvs.prelude.character;
require open pvs.prelude.strings;
require open pvs.prelude.lift;
require open pvs.prelude.union;
require open pvs.prelude.mucalculus;
require open pvs.prelude.ctlops;
require open pvs.prelude.fairctlops;
require open pvs.prelude.Fairctlops;
require open pvs.prelude.bit;
require open pvs.prelude.bv;
require open pvs.prelude.exp2;
require open pvs.prelude.bv_concat_def;
require open pvs.prelude.bv_bitwise;
require open pvs.prelude.bv_nat;
require open pvs.prelude.empty_bv;
require open pvs.prelude.bv_caret;
require open pvs.prelude.mod;
require open pvs.prelude.bv_arith_nat_defs;
require open pvs.prelude.bv_int_defs;
require open pvs.prelude.bv_arithmetic_defs;
require open pvs.prelude.bv_extend_defs;
require open pvs.prelude.integertypes;
require open pvs.prelude.infinite_sets_def;
require open pvs.prelude.finite_sets_of_sets;
require open pvs.prelude.EquivalenceClosure;
require open pvs.prelude.QuotientDefinition;
require open pvs.prelude.KernelDefinition;
require open pvs.prelude.QuotientKernelProperties;
require open pvs.prelude.QuotientSubDefinition;
require open pvs.prelude.QuotientExtensionProperties;
require open pvs.prelude.QuotientDistributive;
require open pvs.prelude.QuotientIteration;
require open pvs.prelude.PartialFunctionDefinitions;
require open pvs.prelude.PartialFunctionComposition;
require open pvs.prelude.stdlang;
require open pvs.prelude.stdexc;
require open pvs.prelude.stdcatch;
require open pvs.prelude.stdprog;
require open pvs.prelude.stdglobal;
require open pvs.prelude.stdpvs;
require open pvs.prelude.stdmath;
require open pvs.prelude.stdstr;
require open pvs.prelude.stdio;
require open pvs.prelude.stdfmap;
require open pvs.prelude.stdindent;
require open pvs.prelude.stdtokenizer;
require open pvs.prelude.stdpvsio;
require open pvs.prelude.stdsys;
constant symbol vect: Π {t:Set},Π {n:El nat},Set;

